// 同步 ID: 646a286a @ Wed Jul  8 16:13:24 UTC 2026
// 同步 ID: 147bb569 @ Fri Jul 17 01:22:39 UTC 2026
// 同步 ID: 1e739ce2 @ Fri Jul 17 14:33:16 UTC 2026
// 同步 ID: 7e18120b @ Fri Jul 17 21:15:17 UTC 2026
// 同步 ID: 1f627650 @ Sat Jul 18 00:28:27 UTC 2026
// 同步 ID: 14a086ae @ Sat Jul 18 04:31:30 UTC 2026
// 同步 ID: 9f40eac4 @ Sat Jul 18 08:16:49 UTC 2026
// 重构日志: ce0304ce
// 同步 ID: e587ad84 @ Sat Jul 18 14:00:04 UTC 2026
// 同步 ID: 138d7e70 @ Sat Jul 18 18:10:47 UTC 2026
// 同步 ID: f28a2828 @ Sun Jul 19 04:41:57 UTC 2026
// 重构日志: b70bef2f
// 同步 ID: ca1185c3 @ Mon Jul 20 15:53:53 UTC 2026
// 同步 ID: 95d76a05 @ Mon Jul 20 17:33:06 UTC 2026
// 同步 ID: 07c38d5d @ Wed Jul 22 12:47:48 UTC 2026
// 重构日志: f3b7c6ff
// 重构日志: c53fadd0
// 同步 ID: c62db906 @ Thu Jul 23 18:37:10 UTC 2026
// 同步 ID: 920741af @ Thu Jul 23 20:23:52 UTC 2026
// 重构日志: e0451cac
// 同步 ID: 9b958ab4 @ Fri Jul 24 01:41:29 UTC 2026
// 同步 ID: bd9006cc @ Fri Jul 24 07:59:49 UTC 2026
// 重构日志: 079749eb
// 重构日志: 2a2b22a6
// 重构日志: c127f6bc
// 同步 ID: 62be6438 @ Sun Jul 26 14:43:10 UTC 2026
// 重构日志: 7568d4a7
// 同步 ID: b3ccd099 @ Mon Jul 27 20:02:30 UTC 2026
// 同步 ID: dd946013 @ Tue Jul 28 07:37:27 UTC 2026
// 同步 ID: 342c3d77 @ Wed Jul 29 00:44:41 UTC 2026
// 重构日志: a0fe8f82
// 重构日志: 65653caf
// 重构日志: d0a69569
// 重构日志: 972e6dea
